// Jest Snapshot v1, https://goo.gl/fbAQLP

exports[`Category Container Tests should match snapshot 1`] = `
ShallowWrapper {
  "length": 1,
  Symbol(enzyme.__root__): [Circular],
  Symbol(enzyme.__unrendered__): <Category
    addCategoryQuote={[Function]}
    categoryQuote={
        Array [
            Object {
              "author": "Ernest Hemingway",
              "categories": Array [
                undefined,
              ],
              "id": "hqV6ZjgFus0xQ58WPhH5hQeF",
              "quote": "Retirement is the ugliest word in the language.",
            },
          ]
    }
    location={
        Object {
            "key": "twms5s",
            "pathname": "/life",
          }
    }
/>,
  Symbol(enzyme.__renderer__): Object {
    "batchedUpdates": [Function],
    "getNode": [Function],
    "render": [Function],
    "simulateEvent": [Function],
    "unmount": [Function],
  },
  Symbol(enzyme.__node__): Object {
    "instance": null,
    "key": undefined,
    "nodeType": "host",
    "props": Object {
      "children": Array [
        <Card
          data={
                    Object {
                              "author": "Ernest Hemingway",
                              "categories": Array [
                                undefined,
                              ],
                              "id": "hqV6ZjgFus0xQ58WPhH5hQeF",
                              "quote": "Retirement is the ugliest word in the language.",
                            }
          }
          handleClick={[Function]}
/>,
      ],
    },
    "ref": null,
    "rendered": Array [
      Object {
        "instance": null,
        "key": "hqV6ZjgFus0xQ58WPhH5hQeF",
        "nodeType": "function",
        "props": Object {
          "data": Object {
            "author": "Ernest Hemingway",
            "categories": Array [
              undefined,
            ],
            "id": "hqV6ZjgFus0xQ58WPhH5hQeF",
            "quote": "Retirement is the ugliest word in the language.",
          },
          "handleClick": [Function],
        },
        "ref": null,
        "rendered": null,
        "type": [Function],
      },
    ],
    "type": "div",
  },
  Symbol(enzyme.__nodes__): Array [
    Object {
      "instance": null,
      "key": undefined,
      "nodeType": "host",
      "props": Object {
        "children": Array [
          <Card
            data={
                        Object {
                                    "author": "Ernest Hemingway",
                                    "categories": Array [
                                      undefined,
                                    ],
                                    "id": "hqV6ZjgFus0xQ58WPhH5hQeF",
                                    "quote": "Retirement is the ugliest word in the language.",
                                  }
            }
            handleClick={[Function]}
/>,
        ],
      },
      "ref": null,
      "rendered": Array [
        Object {
          "instance": null,
          "key": "hqV6ZjgFus0xQ58WPhH5hQeF",
          "nodeType": "function",
          "props": Object {
            "data": Object {
              "author": "Ernest Hemingway",
              "categories": Array [
                undefined,
              ],
              "id": "hqV6ZjgFus0xQ58WPhH5hQeF",
              "quote": "Retirement is the ugliest word in the language.",
            },
            "handleClick": [Function],
          },
          "ref": null,
          "rendered": null,
          "type": [Function],
        },
      ],
      "type": "div",
    },
  ],
  Symbol(enzyme.__options__): Object {
    "adapter": ReactSixteenAdapter {
      "options": Object {
        "enableComponentDidUpdateOnSetState": true,
      },
    },
  },
}
`;
